This is LuaHBTeX, Version 1.17.0 (TeX Live 2023)  (format=lualatex 2024.1.31)  27 JUL 2026 17:57
 restricted system commands enabled.
**Thesis.tex
(./Thesis.tex
LaTeX2e <2023-11-01> patch level 1
L3 programming layer <2024-01-22>
Lua module: luaotfload 2023-08-31 3.26 Lua based OpenType font support
Lua module: lualibs 2023-07-13 2.76 ConTeXt Lua standard libraries.
Lua module: lualibs-extended 2023-07-13 2.76 ConTeXt Lua libraries -- extended c
ollection.
luaotfload | conf : Root cache directory is "C:/texlive/2023/texmf-var/luatex-ca
che/generic/names".
luaotfload | init : Loading fontloader "fontloader-2023-08-19.lua" from kpse-res
olved path "c:/texlive/2023/texmf-dist/tex/luatex/luaotfload/fontloader-2023-08-
19.lua".
Lua-only attribute luaotfload@noligature = 1
luaotfload | init : Context OpenType loader version 3.133
Inserting `luaotfload.node_processor' in `pre_linebreak_filter'.
Inserting `luaotfload.node_processor' in `hpack_filter'.
Inserting `luaotfload.glyph_stream' in `glyph_stream_provider'.
Inserting `luaotfload.define_font' in `define_font'.
Lua-only attribute luaotfload_color_attribute = 2
luaotfload | conf : Root cache directory is "C:/texlive/2023/texmf-var/luatex-ca
che/generic/names".
Inserting `luaotfload.harf.strip_prefix' in `find_opentype_file'.
Inserting `luaotfload.harf.strip_prefix' in `find_truetype_file'.
Removing  `luaotfload.glyph_stream' from `glyph_stream_provider'.
Inserting `luaotfload.harf.glyphstream' in `glyph_stream_provider'.
Inserting `luaotfload.harf.finalize_vlist' in `post_linebreak_filter'.
Inserting `luaotfload.harf.finalize_hlist' in `hpack_filter'.
Inserting `luaotfload.cleanup_files' in `wrapup_run'.
Inserting `luaotfload.harf.finalize_unicode' in `finish_pdffile'.
Inserting `luaotfload.glyphinfo' in `glyph_info'.
Lua-only attribute luaotfload.letterspace_done = 3
Inserting `luaotfload.aux.set_sscale_dimens' in `luaotfload.patch_font'.
Inserting `luaotfload.aux.set_font_index' in `luaotfload.patch_font'.
Inserting `luaotfload.aux.patch_cambria_domh' in `luaotfload.patch_font'.
Inserting `luaotfload.aux.fixup_fontdata' in `luaotfload.patch_font_unsafe'.
Inserting `luaotfload.aux.set_capheight' in `luaotfload.patch_font'.
Inserting `luaotfload.aux.set_xheight' in `luaotfload.patch_font'.
Inserting `luaotfload.rewrite_fontname' in `luaotfload.patch_font'.
Inserting `tracingstacklevels' in `input_level_string'. (c:/texlive/2023/texmf-
dist/tex/latex/base/book.cls
Document Class: book 2023/05/17 v1.4n Standard LaTeX document class
(c:/texlive/2023/texmf-dist/tex/latex/base/bk11.clo
File: bk11.clo 2023/05/17 v1.4n Standard LaTeX file (size option)
luaotfload | db : Font names database loaded from C:/texlive/2023/texmf-var/luat
ex-cache/generic/names/luaotfload-names.luc.gz)
\c@part=\count185
\c@chapter=\count186
\c@section=\count187
\c@subsection=\count188
\c@subsubsection=\count189
\c@paragraph=\count190
\c@subparagraph=\count191
\c@figure=\count192
\c@table=\count193
\abovecaptionskip=\skip48
\belowcaptionskip=\skip49
\bibindent=\dimen139
)
(c:/texlive/2023/texmf-dist/tex/latex/geometry/geometry.sty
Package: geometry 2020/01/02 v5.9 Page Geometry

(c:/texlive/2023/texmf-dist/tex/latex/graphics/keyval.sty
Package: keyval 2022/05/29 v1.15 key=value parser (DPC)
\KV@toks@=\toks17
)
(c:/texlive/2023/texmf-dist/tex/generic/iftex/ifvtex.sty
Package: ifvtex 2019/10/25 v1.7 ifvtex legacy package. Use iftex instead.

(c:/texlive/2023/texmf-dist/tex/generic/iftex/iftex.sty
Package: iftex 2022/02/03 v1.0f TeX engine tests
))
\Gm@cnth=\count194
\Gm@cntv=\count195
\c@Gm@tempcnt=\count196
\Gm@bindingoffset=\dimen140
\Gm@wd@mp=\dimen141
\Gm@odd@mp=\dimen142
\Gm@even@mp=\dimen143
\Gm@layoutwidth=\dimen144
\Gm@layoutheight=\dimen145
\Gm@layouthoffset=\dimen146
\Gm@layoutvoffset=\dimen147
\Gm@dimlist=\toks18
)
(c:/texlive/2023/texmf-dist/tex/latex/base/inputenc.sty
Package: inputenc 2021/02/14 v1.3d Input encoding file
\inpenc@prehook=\toks19
\inpenc@posthook=\toks20


Package inputenc Warning: inputenc package ignored with utf8 based engines.

) (c:/texlive/2023/texmf-dist/tex/latex/amsmath/amsmath.sty
Package: amsmath 2023/05/13 v2.17o AMS math features
\@mathmargin=\skip50

For additional information on amsmath, use the `?' option.
(c:/texlive/2023/texmf-dist/tex/latex/amsmath/amstext.sty
Package: amstext 2021/08/26 v2.01 AMS text

(c:/texlive/2023/texmf-dist/tex/latex/amsmath/amsgen.sty
File: amsgen.sty 1999/11/30 v2.0 generic functions
\@emptytoks=\toks21
\ex@=\dimen148
))
(c:/texlive/2023/texmf-dist/tex/latex/amsmath/amsbsy.sty
Package: amsbsy 1999/11/29 v1.2d Bold Symbols
\pmbraise@=\dimen149
)
(c:/texlive/2023/texmf-dist/tex/latex/amsmath/amsopn.sty
Package: amsopn 2022/04/08 v2.04 operator names
)
\inf@bad=\count197
LaTeX Info: Redefining \frac on input line 236.
\uproot@=\count198
\leftroot@=\count199
LaTeX Info: Redefining \overline on input line 399.
LaTeX Info: Redefining \colon on input line 410.
\classnum@=\count266
\DOTSCASE@=\count267
LaTeX Info: Redefining \ldots on input line 496.
LaTeX Info: Redefining \dots on input line 499.
LaTeX Info: Redefining \cdots on input line 620.
\Mathstrutbox@=\box51
\strutbox@=\box52
LaTeX Info: Redefining \big on input line 722.
LaTeX Info: Redefining \Big on input line 723.
LaTeX Info: Redefining \bigg on input line 724.
LaTeX Info: Redefining \Bigg on input line 725.
\big@size=\dimen150
LaTeX Font Info:    Redeclaring font encoding OML on input line 743.
LaTeX Font Info:    Redeclaring font encoding OMS on input line 744.
\macc@depth=\count268
LaTeX Info: Redefining \bmod on input line 905.
LaTeX Info: Redefining \pmod on input line 910.
LaTeX Info: Redefining \smash on input line 940.
LaTeX Info: Redefining \relbar on input line 970.
LaTeX Info: Redefining \Relbar on input line 971.
\c@MaxMatrixCols=\count269
\dotsspace@=\muskip16
\c@parentequation=\count270
\dspbrk@lvl=\count271
\tag@help=\toks22
\row@=\count272
\column@=\count273
\maxfields@=\count274
\andhelp@=\toks23
\eqnshift@=\dimen151
\alignsep@=\dimen152
\tagshift@=\dimen153
\tagwidth@=\dimen154
\totwidth@=\dimen155
\lineht@=\dimen156
\@envbody=\toks24
\multlinegap=\skip51
\multlinetaggap=\skip52
\mathdisplay@stack=\toks25
LaTeX Info: Redefining \[ on input line 2953.
LaTeX Info: Redefining \] on input line 2954.
)
(c:/texlive/2023/texmf-dist/tex/latex/commath/commath.sty
(c:/texlive/2023/texmf-dist/tex/latex/base/ifthen.sty
Package: ifthen 2022/04/13 v1.1d Standard LaTeX ifthen package (DPC)
))
(c:/texlive/2023/texmf-dist/tex/latex/mathtools/mathtools.sty
Package: mathtools 2022/06/29 v1.29 mathematical typesetting tools

(c:/texlive/2023/texmf-dist/tex/latex/tools/calc.sty
Package: calc 2023/07/08 v4.3 Infix arithmetic (KKT,FJ)
\calc@Acount=\count275
\calc@Bcount=\count276
\calc@Adimen=\dimen157
\calc@Bdimen=\dimen158
\calc@Askip=\skip53
\calc@Bskip=\skip54
LaTeX Info: Redefining \setlength on input line 80.
LaTeX Info: Redefining \addtolength on input line 81.
\calc@Ccount=\count277
\calc@Cskip=\skip55
)
(c:/texlive/2023/texmf-dist/tex/latex/mathtools/mhsetup.sty
Package: mhsetup 2021/03/18 v1.4 programming setup (MH)
)
\g_MT_multlinerow_int=\count278
\l_MT_multwidth_dim=\dimen159
\origjot=\skip56
\l_MT_shortvdotswithinadjustabove_dim=\dimen160
\l_MT_shortvdotswithinadjustbelow_dim=\dimen161
\l_MT_above_intertext_sep=\dimen162
\l_MT_below_intertext_sep=\dimen163
\l_MT_above_shortintertext_sep=\dimen164
\l_MT_below_shortintertext_sep=\dimen165
\xmathstrut@box=\box53
\xmathstrut@dim=\dimen166
)
(c:/texlive/2023/texmf-dist/tex/latex/amsfonts/amsfonts.sty
Package: amsfonts 2013/01/14 v3.01 Basic AMSFonts support
\symAMSa=\mathgroup4
\symAMSb=\mathgroup5
LaTeX Font Info:    Redeclaring math symbol \hbar on input line 98.
LaTeX Font Info:    Overwriting math alphabet `\mathfrak' in version `bold'
(Font)                  U/euf/m/n --> U/euf/b/n on input line 106.
)
(c:/texlive/2023/texmf-dist/tex/latex/amsfonts/amssymb.sty
Package: amssymb 2013/01/14 v3.01 AMS font symbols
)
(c:/texlive/2023/texmf-dist/tex/latex/eso-pic/eso-pic.sty
Package: eso-pic 2023/05/03 v3.0c eso-pic (RN)
\ESO@tempdima=\dimen167
\ESO@tempdimb=\dimen168

(c:/texlive/2023/texmf-dist/tex/latex/xcolor/xcolor.sty
Package: xcolor 2023/11/15 v3.01 LaTeX color extensions (UK)

(c:/texlive/2023/texmf-dist/tex/latex/graphics-cfg/color.cfg
File: color.cfg 2016/01/02 v1.6 sample color configuration
)
Package xcolor Info: Driver file: luatex.def on input line 274.

(c:/texlive/2023/texmf-dist/tex/latex/graphics-def/luatex.def
File: luatex.def 2022/09/22 v1.2d Graphics/color driver for luatex
)
(c:/texlive/2023/texmf-dist/tex/latex/graphics/mathcolor.ltx)
Package xcolor Info: Model `cmy' substituted by `cmy0' on input line 1350.
Package xcolor Info: Model `hsb' substituted by `rgb' on input line 1354.
Package xcolor Info: Model `RGB' extended on input line 1366.
Package xcolor Info: Model `HTML' substituted by `rgb' on input line 1368.
Package xcolor Info: Model `Hsb' substituted by `hsb' on input line 1369.
Package xcolor Info: Model `tHsb' substituted by `hsb' on input line 1370.
Package xcolor Info: Model `HSB' substituted by `hsb' on input line 1371.
Package xcolor Info: Model `Gray' substituted by `gray' on input line 1372.
Package xcolor Info: Model `wave' substituted by `hsb' on input line 1373.
))
(c:/texlive/2023/texmf-dist/tex/latex/graphics/graphicx.sty
Package: graphicx 2021/09/16 v1.2d Enhanced LaTeX Graphics (DPC,SPQR)

(c:/texlive/2023/texmf-dist/tex/latex/graphics/graphics.sty
Package: graphics 2022/03/10 v1.4e Standard LaTeX Graphics (DPC,SPQR)

(c:/texlive/2023/texmf-dist/tex/latex/graphics/trig.sty
Package: trig 2021/08/11 v1.11 sin cos tan (DPC)
)
(c:/texlive/2023/texmf-dist/tex/latex/graphics-cfg/graphics.cfg
File: graphics.cfg 2016/06/04 v1.11 sample graphics configuration
)
Package graphics Info: Driver file: luatex.def on input line 107.
)
\Gin@req@height=\dimen169
\Gin@req@width=\dimen170
)
(c:/texlive/2023/texmf-dist/tex/latex/float/float.sty
Package: float 2001/11/08 v1.3d Float enhancements (AL)
\c@float@type=\count279
\float@exts=\toks26
\float@box=\box54
\@float@everytoks=\toks27
\@floatcapt=\box55
)
(c:/texlive/2023/texmf-dist/tex/latex/graphics/rotating.sty
Package: rotating 2016/08/11 v2.16d rotated objects in LaTeX
\c@r@tfl@t=\count280
\rotFPtop=\skip57
\rotFPbot=\skip58
\rot@float@box=\box56
\rot@mess@toks=\toks28
)
(c:/texlive/2023/texmf-dist/tex/latex/siunitx/siunitx.sty
Package: siunitx 2024-01-25 v3.3.10 A comprehensive (SI) units package
\l__siunitx_number_uncert_offset_int=\count281
\l__siunitx_number_exponent_fixed_int=\count282
\l__siunitx_number_min_decimal_int=\count283
\l__siunitx_number_min_integer_int=\count284
\l__siunitx_number_round_precision_int=\count285
\l__siunitx_number_lower_threshold_int=\count286
\l__siunitx_number_upper_threshold_int=\count287
\l__siunitx_number_group_first_int=\count288
\l__siunitx_number_group_size_int=\count289
\l__siunitx_number_group_minimum_int=\count290
\l__siunitx_angle_tmp_dim=\dimen171
\l__siunitx_angle_marker_box=\box57
\l__siunitx_angle_unit_box=\box58
\l__siunitx_compound_count_int=\count291

(c:/texlive/2023/texmf-dist/tex/latex/translations/translations.sty
Package: translations 2022/02/05 v1.12 internationalization of LaTeX2e packages
 (CN)

(c:/texlive/2023/texmf-dist/tex/latex/etoolbox/etoolbox.sty
Package: etoolbox 2020/10/05 v2.5k e-TeX tools for LaTeX (JAW)
\etb@tempcnta=\count292
)
(c:/texlive/2023/texmf-dist/tex/generic/pdftexcmds/pdftexcmds.sty
Package: pdftexcmds 2020-06-27 v0.33 Utility functions of pdfTeX for LuaTeX (HO
)

(c:/texlive/2023/texmf-dist/tex/generic/infwarerr/infwarerr.sty
Package: infwarerr 2019/12/03 v1.5 Providing info/warning/error messages (HO)
)
(c:/texlive/2023/texmf-dist/tex/generic/ltxcmds/ltxcmds.sty
Package: ltxcmds 2023-12-04 v1.26 LaTeX kernel commands for general use (HO)
)
Package pdftexcmds Info: \pdf@primitive is available.
Package pdftexcmds Info: \pdf@ifprimitive is available.
Package pdftexcmds Info: \pdfdraftmode found.
\pdftexcmds@toks=\toks29
))
\l__siunitx_table_tmp_box=\box59
\l__siunitx_table_tmp_dim=\dimen172
\l__siunitx_table_column_width_dim=\dimen173
\l__siunitx_table_integer_box=\box60
\l__siunitx_table_decimal_box=\box61
\l__siunitx_table_uncert_box=\box62
\l__siunitx_table_before_box=\box63
\l__siunitx_table_after_box=\box64
\l__siunitx_table_before_dim=\dimen174
\l__siunitx_table_carry_dim=\dimen175
\l__siunitx_unit_tmp_int=\count293
\l__siunitx_unit_position_int=\count294
\l__siunitx_unit_total_int=\count295

(c:/texlive/2023/texmf-dist/tex/latex/tools/array.sty
Package: array 2023/10/16 v2.5g Tabular extension package (FMi)
\col@sep=\dimen176
\ar@mcellbox=\box65
\extrarowheight=\dimen177
\NC@list=\toks30
\extratabsurround=\skip59
\backup@length=\skip60
\ar@cellbox=\box66
))
(c:/texlive/2023/texmf-dist/tex/latex/braket/braket.sty)
(c:/texlive/2023/texmf-dist/tex/latex/multirow/multirow.sty
Package: multirow 2021/03/15 v2.8 Span multiple rows of a table
\multirow@colwidth=\skip61
\multirow@cntb=\count296
\multirow@dima=\skip62
\bigstrutjot=\dimen178
)
(c:/texlive/2023/texmf-dist/tex/latex/biblatex/biblatex.sty
Package: biblatex 2023/03/05 v3.19 programmable bibliographies (PK/MW)

(c:/texlive/2023/texmf-dist/tex/latex/kvoptions/kvoptions.sty
Package: kvoptions 2022-06-15 v3.15 Key value format for package options (HO)

(c:/texlive/2023/texmf-dist/tex/latex/kvsetkeys/kvsetkeys.sty
Package: kvsetkeys 2022-10-05 v1.19 Key value parser (HO)
))
(c:/texlive/2023/texmf-dist/tex/latex/logreq/logreq.sty
Package: logreq 2010/08/04 v1.0 xml request logger
\lrq@indent=\count297

(c:/texlive/2023/texmf-dist/tex/latex/logreq/logreq.def
File: logreq.def 2010/08/04 v1.0 logreq spec v1.0
))
(c:/texlive/2023/texmf-dist/tex/latex/url/url.sty
\Urlmuskip=\muskip17
Package: url 2013/09/16  ver 3.4  Verb mode for urls, etc.
)
\c@tabx@nest=\count298
\c@listtotal=\count299
\c@listcount=\count300
\c@liststart=\count301
\c@liststop=\count302
\c@citecount=\count303
\c@citetotal=\count304
\c@multicitecount=\count305
\c@multicitetotal=\count306
\c@instcount=\count307
\c@maxnames=\count308
\c@minnames=\count309
\c@maxitems=\count310
\c@minitems=\count311
\c@citecounter=\count312
\c@maxcitecounter=\count313
\c@savedcitecounter=\count314
\c@uniquelist=\count315
\c@uniquename=\count316
\c@refsection=\count317
\c@refsegment=\count318
\c@maxextratitle=\count319
\c@maxextratitleyear=\count320
\c@maxextraname=\count321
\c@maxextradate=\count322
\c@maxextraalpha=\count323
\c@abbrvpenalty=\count324
\c@highnamepenalty=\count325
\c@lownamepenalty=\count326
\c@maxparens=\count327
\c@parenlevel=\count328
\blx@tempcnta=\count329
\blx@tempcntb=\count330
\blx@tempcntc=\count331
\c@blx@maxsection=\count332
\blx@maxsegment@0=\count333
\blx@notetype=\count334
\blx@parenlevel@text=\count335
\blx@parenlevel@foot=\count336
\blx@sectionciteorder@0=\count337
\blx@sectionciteorderinternal@0=\count338
\blx@entrysetcounter=\count339
\blx@biblioinstance=\count340
\labelnumberwidth=\skip63
\labelalphawidth=\skip64
\biblabelsep=\skip65
\bibitemsep=\skip66
\bibnamesep=\skip67
\bibinitsep=\skip68
\bibparsep=\skip69
\bibhang=\skip70
\blx@bcfin=\read2
\blx@bcfout=\write3
\blx@langwohyphens=\language2
\c@mincomprange=\count341
\c@maxcomprange=\count342
\c@mincompwidth=\count343
Package biblatex Info: Trying to load biblatex default data model...
Package biblatex Info: ... file 'blx-dm.def' found.

(c:/texlive/2023/texmf-dist/tex/latex/biblatex/blx-dm.def
File: blx-dm.def 2023/03/05 v3.19 biblatex localization (PK/MW)
)
Package biblatex Info: Trying to load biblatex style data model...
Package biblatex Info: ... file 'numeric.dbx' not found.
Package biblatex Info: Trying to load biblatex custom data model...
Package biblatex Info: ... file 'biblatex-dm.cfg' not found.
\c@afterword=\count344
\c@savedafterword=\count345
\c@annotator=\count346
\c@savedannotator=\count347
\c@author=\count348
\c@savedauthor=\count349
\c@bookauthor=\count350
\c@savedbookauthor=\count351
\c@commentator=\count352
\c@savedcommentator=\count353
\c@editor=\count354
\c@savededitor=\count355
\c@editora=\count356
\c@savededitora=\count357
\c@editorb=\count358
\c@savededitorb=\count359
\c@editorc=\count360
\c@savededitorc=\count361
\c@foreword=\count362
\c@savedforeword=\count363
\c@holder=\count364
\c@savedholder=\count365
\c@introduction=\count366
\c@savedintroduction=\count367
\c@namea=\count368
\c@savednamea=\count369
\c@nameb=\count370
\c@savednameb=\count371
\c@namec=\count372
\c@savednamec=\count373
\c@translator=\count374
\c@savedtranslator=\count375
\c@shortauthor=\count376
\c@savedshortauthor=\count377
\c@shorteditor=\count378
\c@savedshorteditor=\count379
\c@labelname=\count380
\c@savedlabelname=\count381
\c@institution=\count382
\c@savedinstitution=\count383
\c@lista=\count384
\c@savedlista=\count385
\c@listb=\count386
\c@savedlistb=\count387
\c@listc=\count388
\c@savedlistc=\count389
\c@listd=\count390
\c@savedlistd=\count391
\c@liste=\count392
\c@savedliste=\count393
\c@listf=\count394
\c@savedlistf=\count395
\c@location=\count396
\c@savedlocation=\count397
\c@organization=\count398
\c@savedorganization=\count399
\c@origlocation=\count400
\c@savedoriglocation=\count401
\c@origpublisher=\count402
\c@savedorigpublisher=\count403
\c@publisher=\count404
\c@savedpublisher=\count405
\c@language=\count406
\c@savedlanguage=\count407
\c@origlanguage=\count408
\c@savedoriglanguage=\count409
\c@pageref=\count410
\c@savedpageref=\count411
\shorthandwidth=\skip71
\shortjournalwidth=\skip72
\shortserieswidth=\skip73
\shorttitlewidth=\skip74
\shortauthorwidth=\skip75
\shorteditorwidth=\skip76
\locallabelnumberwidth=\skip77
\locallabelalphawidth=\skip78
\localshorthandwidth=\skip79
\localshortjournalwidth=\skip80
\localshortserieswidth=\skip81
\localshorttitlewidth=\skip82
\localshortauthorwidth=\skip83
\localshorteditorwidth=\skip84
Package biblatex Info: Trying to load enhanced support for Unicode engines...
Package biblatex Info: ... file 'blx-unicode.def' found.

(c:/texlive/2023/texmf-dist/tex/latex/biblatex/blx-unicode.def)
Package biblatex Info: Trying to load compatibility code...
Package biblatex Info: ... file 'blx-compat.def' found.

(c:/texlive/2023/texmf-dist/tex/latex/biblatex/blx-compat.def
File: blx-compat.def 2023/03/05 v3.19 biblatex compatibility (PK/MW)
)
Package biblatex Info: Trying to load generic definitions...
Package biblatex Info: ... file 'biblatex.def' found.

(c:/texlive/2023/texmf-dist/tex/latex/biblatex/biblatex.def
File: biblatex.def 2023/03/05 v3.19 biblatex compatibility (PK/MW)
\c@textcitecount=\count412
\c@textcitetotal=\count413
\c@textcitemaxnames=\count414
\c@biburlbigbreakpenalty=\count415
\c@biburlbreakpenalty=\count416
\c@biburlnumpenalty=\count417
\c@biburlucpenalty=\count418
\c@biburllcpenalty=\count419
\biburlbigskip=\muskip18
\biburlnumskip=\muskip19
\biburlucskip=\muskip20
\biburllcskip=\muskip21
\c@smartand=\count420
)
Package biblatex Info: Trying to load bibliography style 'numeric'...
Package biblatex Info: ... file 'numeric.bbx' found.

(c:/texlive/2023/texmf-dist/tex/latex/biblatex/bbx/numeric.bbx
File: numeric.bbx 2023/03/05 v3.19 biblatex bibliography style (PK/MW)
Package biblatex Info: Trying to load bibliography style 'standard'...
Package biblatex Info: ... file 'standard.bbx' found.

(c:/texlive/2023/texmf-dist/tex/latex/biblatex/bbx/standard.bbx
File: standard.bbx 2023/03/05 v3.19 biblatex bibliography style (PK/MW)
\c@bbx:relatedcount=\count421
\c@bbx:relatedtotal=\count422
))
Package biblatex Info: Trying to load citation style 'numeric'...
Package biblatex Info: ... file 'numeric.cbx' found.

(c:/texlive/2023/texmf-dist/tex/latex/biblatex/cbx/numeric.cbx
File: numeric.cbx 2023/03/05 v3.19 biblatex citation style (PK/MW)
Package biblatex Info: Redefining '\cite'.
Package biblatex Info: Redefining '\parencite'.
Package biblatex Info: Redefining '\footcite'.
Package biblatex Info: Redefining '\footcitetext'.
Package biblatex Info: Redefining '\smartcite'.
Package biblatex Info: Redefining '\supercite'.
Package biblatex Info: Redefining '\textcite'.
Package biblatex Info: Redefining '\textcites'.
Package biblatex Info: Redefining '\cites'.
Package biblatex Info: Redefining '\parencites'.
Package biblatex Info: Redefining '\smartcites'.
)
Package biblatex Info: Trying to load configuration file...
Package biblatex Info: ... file 'biblatex.cfg' found.

(c:/texlive/2023/texmf-dist/tex/latex/biblatex/biblatex.cfg
File: biblatex.cfg 
)
Package biblatex Info: LuaTeX detected.
(biblatex)             Assuming input encoding 'utf8'.
Package biblatex Info: Document encoding is UTF8 ....

(c:/texlive/2023/texmf-dist/tex/latex/l3kernel/expl3.sty
Package: expl3 2024-01-22 L3 programming layer (loader) 

(c:/texlive/2023/texmf-dist/tex/latex/l3backend/l3backend-luatex.def
File: l3backend-luatex.def 2024-01-04 L3 backend support: PDF output (LuaTeX)
\l__color_backend_stack_int=\count423
Inserting `l3color' in `luaotfload.parse_color'.
\l__pdf_internal_box=\box67
))
Package biblatex Info: ... and expl3
(biblatex)             2024-01-22 L3 programming layer (loader) 
(biblatex)             is new enough (at least 2020/04/06),
(biblatex)             setting 'casechanger=expl3'.

(c:/texlive/2023/texmf-dist/tex/latex/biblatex/blx-case-expl3.sty
(c:/texlive/2023/texmf-dist/tex/latex/l3packages/xparse/xparse.sty
Package: xparse 2023-10-10 L3 Experimental document command parser
)
Package: blx-case-expl3 2023/03/05 v3.19 expl3 case changing code for biblatex
))
(c:/texlive/2023/texmf-dist/tex/latex/hyperref/hyperref.sty
Package: hyperref 2024-01-20 v7.01h Hypertext links for LaTeX

(c:/texlive/2023/texmf-dist/tex/generic/kvdefinekeys/kvdefinekeys.sty
Package: kvdefinekeys 2019-12-19 v1.6 Define keys (HO)
)
(c:/texlive/2023/texmf-dist/tex/generic/pdfescape/pdfescape.sty
Package: pdfescape 2019/12/09 v1.15 Implements pdfTeX's escape features (HO)
)
(c:/texlive/2023/texmf-dist/tex/latex/hycolor/hycolor.sty
Package: hycolor 2020-01-27 v1.10 Color options for hyperref/bookmark (HO)
)
(c:/texlive/2023/texmf-dist/tex/latex/auxhook/auxhook.sty
Package: auxhook 2019-12-17 v1.6 Hooks for auxiliary files (HO)
)
(c:/texlive/2023/texmf-dist/tex/latex/hyperref/nameref.sty
Package: nameref 2023-11-26 v2.56 Cross-referencing by name of section

(c:/texlive/2023/texmf-dist/tex/latex/refcount/refcount.sty
Package: refcount 2019/12/15 v3.6 Data extraction from label references (HO)
)
(c:/texlive/2023/texmf-dist/tex/generic/gettitlestring/gettitlestring.sty
Package: gettitlestring 2019/12/15 v1.6 Cleanup title references (HO)
)
\c@section@level=\count424
)
\@linkdim=\dimen179
\Hy@linkcounter=\count425
\Hy@pagecounter=\count426

(c:/texlive/2023/texmf-dist/tex/latex/hyperref/pd1enc.def
File: pd1enc.def 2024-01-20 v7.01h Hyperref: PDFDocEncoding definition (HO)
)
(c:/texlive/2023/texmf-dist/tex/generic/intcalc/intcalc.sty
Package: intcalc 2019/12/15 v1.3 Expandable calculations with integers (HO)
)
\Hy@SavedSpaceFactor=\count427

(c:/texlive/2023/texmf-dist/tex/latex/hyperref/puenc.def
File: puenc.def 2024-01-20 v7.01h Hyperref: PDF Unicode definition (HO)
)
Package hyperref Info: Hyper figures OFF on input line 4179.
Package hyperref Info: Link nesting OFF on input line 4184.
Package hyperref Info: Hyper index ON on input line 4187.
Package hyperref Info: Plain pages OFF on input line 4194.
Package hyperref Info: Backreferencing OFF on input line 4199.
Package hyperref Info: Implicit mode ON; LaTeX internals redefined.
Package hyperref Info: Bookmarks ON on input line 4446.
\c@Hy@tempcnt=\count428
LaTeX Info: Redefining \url on input line 4784.
\XeTeXLinkMargin=\dimen180

(c:/texlive/2023/texmf-dist/tex/generic/bitset/bitset.sty
Package: bitset 2019/12/09 v1.3 Handle bit-vector datatype (HO)

(c:/texlive/2023/texmf-dist/tex/generic/bigintcalc/bigintcalc.sty
Package: bigintcalc 2019/12/15 v1.5 Expandable calculations on big integers (HO
)
))
\Fld@menulength=\count429
\Field@Width=\dimen181
\Fld@charsize=\dimen182
Package hyperref Info: Hyper figures OFF on input line 6063.
Package hyperref Info: Link nesting OFF on input line 6068.
Package hyperref Info: Hyper index ON on input line 6071.
Package hyperref Info: backreferencing OFF on input line 6078.
Package hyperref Info: Link coloring OFF on input line 6083.
Package hyperref Info: Link coloring with OCG OFF on input line 6088.
Package hyperref Info: PDF/A mode OFF on input line 6093.

(c:/texlive/2023/texmf-dist/tex/latex/base/atbegshi-ltx.sty
Package: atbegshi-ltx 2021/01/10 v1.0c Emulation of the original atbegshi
package with kernel methods
)
\Hy@abspage=\count430
\c@Item=\count431
\c@Hfootnote=\count432
)
Package hyperref Info: Driver (autodetected): hluatex.

(c:/texlive/2023/texmf-dist/tex/latex/hyperref/hluatex.def
File: hluatex.def 2024-01-20 v7.01h Hyperref driver for luaTeX

(c:/texlive/2023/texmf-dist/tex/generic/stringenc/stringenc.sty
Package: stringenc 2019/11/29 v1.12 Convert strings between diff. encodings (HO
)
)
(c:/texlive/2023/texmf-dist/tex/latex/base/atveryend-ltx.sty
Package: atveryend-ltx 2020/08/19 v1.0a Emulation of the original atveryend pac
kage
with kernel methods
)
\Fld@listcount=\count433
\c@bookmark@seq@number=\count434

(c:/texlive/2023/texmf-dist/tex/latex/rerunfilecheck/rerunfilecheck.sty
Package: rerunfilecheck 2022-07-10 v1.10 Rerun checks for auxiliary files (HO)

(c:/texlive/2023/texmf-dist/tex/generic/uniquecounter/uniquecounter.sty
Package: uniquecounter 2019/12/15 v1.4 Provide unlimited unique counter (HO)
)
Package uniquecounter Info: New unique counter `rerunfilecheck' on input line 2
85.
)
\Hy@SectionHShift=\skip85
)
Package hyperref Info: Option `colorlinks' set `true' on input line 41.

(c:/texlive/2023/texmf-dist/tex/latex/appendix/appendix.sty
Package: appendix 2020/02/08 v1.2c extra appendix facilities
\c@@pps=\count435
\c@@ppsavesec=\count436
\c@@ppsaveapp=\count437
)
Package translations Info: No language package found. I am going to use `englis
h' as default language. on input line 63.
\@quotelevel=\count438
\@quotereset=\count439
 (./Thesis.aux)
\openout1 = Thesis.aux

LaTeX Font Info:    Checking defaults for OML/cmm/m/it on input line 63.
LaTeX Font Info:    ... okay on input line 63.
LaTeX Font Info:    Checking defaults for OMS/cmsy/m/n on input line 63.
LaTeX Font Info:    ... okay on input line 63.
LaTeX Font Info:    Checking defaults for OT1/cmr/m/n on input line 63.
LaTeX Font Info:    ... okay on input line 63.
LaTeX Font Info:    Checking defaults for T1/cmr/m/n on input line 63.
LaTeX Font Info:    ... okay on input line 63.
LaTeX Font Info:    Checking defaults for TS1/cmr/m/n on input line 63.
LaTeX Font Info:    Trying to load font information for TS1+cmr on input line 6
3.

(c:/texlive/2023/texmf-dist/tex/latex/base/ts1cmr.fd
File: ts1cmr.fd 2023/04/13 v2.5m Standard LaTeX font definitions
)
LaTeX Font Info:    ... okay on input line 63.
LaTeX Font Info:    Checking defaults for TU/lmr/m/n on input line 63.
LaTeX Font Info:    ... okay on input line 63.
LaTeX Font Info:    Checking defaults for OMX/cmex/m/n on input line 63.
LaTeX Font Info:    ... okay on input line 63.
LaTeX Font Info:    Checking defaults for U/cmr/m/n on input line 63.
LaTeX Font Info:    ... okay on input line 63.
LaTeX Font Info:    Checking defaults for PD1/pdf/m/n on input line 63.
LaTeX Font Info:    ... okay on input line 63.
LaTeX Font Info:    Checking defaults for PU/pdf/m/n on input line 63.
LaTeX Font Info:    ... okay on input line 63.

*geometry* driver: auto-detecting
*geometry* detected driver: luatex
*geometry* verbose mode - [ preamble ] result:
* driver: luatex
* paper: a4paper
* layout: <same size as paper>
* layoutoffset:(h,v)=(0.0pt,0.0pt)
* modes: twoside 
* h-part:(L,W,R)=(85.35826pt, 426.79135pt, 85.35826pt)
* v-part:(T,H,B)=(93.89418pt, 657.25848pt, 93.89418pt)
* \paperwidth=597.50787pt
* \paperheight=845.04684pt
* \textwidth=426.79135pt
* \textheight=657.25848pt
* \oddsidemargin=13.08827pt
* \evensidemargin=13.08827pt
* \topmargin=-10.2496pt
* \headheight=12.0pt
* \headsep=19.8738pt
* \topskip=11.0pt
* \footskip=27.46295pt
* \marginparwidth=106.0pt
* \marginparsep=7.0pt
* \columnsep=10.0pt
* \skip\footins=10.0pt plus 4.0pt minus 2.0pt
* \hoffset=0.0pt
* \voffset=0.0pt
* \mag=1000
* \@twocolumnfalse
* \@twosidetrue
* \@mparswitchtrue
* \@reversemarginfalse
* (1in=72.27pt=25.4mm, 1cm=28.453pt)

(c:/texlive/2023/texmf-dist/tex/context/base/mkii/supp-pdf.mkii
[Loading MPS to PDF converter (version 2006.09.02).]
\scratchcounter=\count440
\scratchdimen=\dimen183
\scratchbox=\box68
\nofMPsegments=\count441
\nofMParguments=\count442
\everyMPshowfont=\toks31
\MPscratchCnt=\count443
\MPscratchDim=\dimen184
\MPnumerator=\count444
\makeMPintoPDFobject=\count445
\everyMPtoPDFconversion=\toks32
) (c:/texlive/2023/texmf-dist/tex/latex/epstopdf-pkg/epstopdf-base.sty
Package: epstopdf-base 2020-01-24 v2.11 Base part for package epstopdf

(c:/texlive/2023/texmf-dist/tex/latex/grfext/grfext.sty
Package: grfext 2019/12/03 v1.3 Manage graphics extensions (HO)
)
Package epstopdf-base Info: Redefining graphics rule for `.eps' on input line 4
85.
Package grfext Info: Graphics extension search list:
(grfext)             [.pdf,.png,.jpg,.mps,.jpeg,.jbig2,.jb2,.PDF,.PNG,.JPG,.JPE
G,.JBIG2,.JB2,.eps]
(grfext)             \AppendGraphicsExtensions on input line 504.

(c:/texlive/2023/texmf-dist/tex/latex/latexconfig/epstopdf-sys.cfg
File: epstopdf-sys.cfg 2010/07/13 v1.3 Configuration of (r)epstopdf for TeX Liv
e
))
(c:/texlive/2023/texmf-dist/tex/latex/translations/translations-basic-dictionar
y-english.trsl
File: translations-basic-dictionary-english.trsl (english translation file `tra
nslations-basic-dictionary')
)
Package translations Info: loading dictionary `translations-basic-dictionary' f
or `english'. on input line 63.
Package biblatex Info: Trying to load language 'english'...
Package biblatex Info: ... file 'english.lbx' found.
 (c:/texlive/2023/texmf-dist/tex/latex/biblatex/lbx/english.lbx
File: english.lbx 2023/03/05 v3.19 biblatex localization (PK/MW)
)
Package biblatex Info: LuaTeX detected.
(biblatex)             Assuming input encoding 'utf8'.
Package biblatex Info: Automatic encoding selection.
(biblatex)             Assuming data encoding 'utf8'.

\openout3 = Thesis.bcf
Package biblatex Info: Trying to load bibliographic data...
Package biblatex Info: ... file 'Thesis.bbl' found.
(./thesis.bbl)
Package biblatex Info: Reference section=0 on input line 63.
Package biblatex Info: Reference segment=0 on input line 63.
Package hyperref Info: Link coloring ON on input line 63.
 (./Thesis.out) (./Thesis.out)
\@outlinefile=\write4

\openout4 = Thesis.out

Overfull \hbox (17.0pt too wide) in paragraph at lines 76--77
[][] 
 []


Overfull \hbox (17.0pt too wide) in paragraph at lines 114--115
[][] 
 []

<Logo/logo_unitn.jpg, id=217, 184.9455pt x 57.159pt>
File: Logo/logo_unitn.jpg Graphic file (type jpg)
<use Logo/logo_unitn.jpg>
Package luatex.def Info: Logo/logo_unitn.jpg  used on input line 120.
(luatex.def)             Requested size: 192.0548pt x 59.35846pt.
<Logo/logounibs.jpg, id=218, 497.4585pt x 180.675pt>
File: Logo/logounibs.jpg Graphic file (type jpg)
<use Logo/logounibs.jpg>
Package luatex.def Info: Logo/logounibs.jpg  used on input line 120.
(luatex.def)             Requested size: 174.98601pt x 63.55423pt.
[1


{c:/texlive/2023/texmf-var/fonts/map/pdftex/updmap/pdftex.map}<./Logo/logo_unitn
.jpg><./Logo/logounibs.jpg>] [2] [3

] [4

] (./Thesis.toc
LaTeX Font Info:    Trying to load font information for U+msa on input line 3.

(c:/texlive/2023/texmf-dist/tex/latex/amsfonts/umsa.fd
File: umsa.fd 2013/01/14 v3.01 AMS symbols A
)
LaTeX Font Info:    Trying to load font information for U+msb on input line 3.

(c:/texlive/2023/texmf-dist/tex/latex/amsfonts/umsb.fd
File: umsb.fd 2013/01/14 v3.01 AMS symbols B
) [5])
\tf@toc=\write5

\openout5 = Thesis.toc
 (./abstract.tex
[6]) (./chapter1.tex [7

] [8

]
Chapter 1.
) (./chapter2.tex [9] [10

]
Chapter 2.
<figures/chapter 2/Overview-on-the-AD-ELENA-facility-The-AD-with-a-circumferenc
e-of-183-m-constrains-the.png, id=326, 284.39583pt x 201.75375pt>
File: figures/chapter 2/Overview-on-the-AD-ELENA-facility-The-AD-with-a-circumf
erence-of-183-m-constrains-the.png Graphic file (type png)
<use figures/chapter 2/Overview-on-the-AD-ELENA-facility-The-AD-with-a-circumfe
rence-of-183-m-constrains-the.png>
Package luatex.def Info: figures/chapter 2/Overview-on-the-AD-ELENA-facility-Th
e-AD-with-a-circumference-of-183-m-constrains-the.png  used on input line 11.
(luatex.def)             Requested size: 320.0935pt x 227.09247pt.

Underfull \vbox (badness 1515) has occurred while \output is active []

 [11]
warning  (file figures/chapter 2/Full_ALPHA_annotated.pdf) (pdf inclusion): PDF 
inclusion: found PDF version '1.6', but at most version '1.5' allowed
<figures/chapter 2/Full_ALPHA_annotated.pdf, id=334, 3267.77658pt x 1365.48767p
t>
File: figures/chapter 2/Full_ALPHA_annotated.pdf Graphic file (type pdf)
<use figures/chapter 2/Full_ALPHA_annotated.pdf>
Package luatex.def Info: figures/chapter 2/Full_ALPHA_annotated.pdf  used on in
put line 23.
(luatex.def)             Requested size: 657.25848pt x 274.63454pt.

LaTeX Warning: Citation 'Singh:2025uuo ' on page 12 undefined on input line 24.



LaTeX Warning: Citation 'Singh:2025uuo ' on page 12 undefined on input line 24.


<figures/Bfield_with_tramscheme_draftpaper.png, id=335, 703.87968pt x 401.24907
pt>
File: figures/Bfield_with_tramscheme_draftpaper.png Graphic file (type png)
<use figures/Bfield_with_tramscheme_draftpaper.png>
Package luatex.def Info: figures/Bfield_with_tramscheme_draftpaper.png  used on
 input line 38.
(luatex.def)             Requested size: 426.79135pt x 243.29214pt.
[12<./figures/chapter 2/Overview-on-the-AD-ELENA-facility-The-AD-with-a-circumfe
rence-of-183-m-constrains-the.png>] [13<./figures/chapter 2/Full_ALPHA_annotated
.pdf>]

LaTeX Warning: Citation 'Amole:2014lna' on page 14 undefined on input line 49.


LaTeX Warning: Reference `fig:SchemeECR' on page 14 undefined on input line 51.


[14<./figures/Bfield_with_tramscheme_draftpaper.png>]
<figures/chapter 2/ECR-scheme.png, id=363, 1204.5pt x 208.52907pt>
File: figures/chapter 2/ECR-scheme.png Graphic file (type png)
<use figures/chapter 2/ECR-scheme.png>
Package luatex.def Info: figures/chapter 2/ECR-scheme.png  used on input line 6
1.
(luatex.def)             Requested size: 426.79135pt x 73.88991pt.

Underfull \vbox (badness 4001) has occurred while \output is active []

 [15<./figures/chapter 2/ECR-scheme.png>]
<figures/chapter 2/Alpha2 Detecor.png, id=377, 989.19562pt x 597.73312pt>
File: figures/chapter 2/Alpha2 Detecor.png Graphic file (type png)
<use figures/chapter 2/Alpha2 Detecor.png>
Package luatex.def Info: figures/chapter 2/Alpha2 Detecor.png  used on input li
ne 81.
(luatex.def)             Requested size: 320.0935pt x 193.41273pt.
<figures/chapter 2/Example-of-track.png, id=380, 499.8675pt x 436.63126pt>
File: figures/chapter 2/Example-of-track.png Graphic file (type png)
<use figures/chapter 2/Example-of-track.png>
Package luatex.def Info: figures/chapter 2/Example-of-track.png  used on input 
line 90.
(luatex.def)             Requested size: 320.0935pt x 279.6096pt.
) (./chapter3.tex [16<./figures/chapter 2/Alpha2 Detecor.png>] [17<./figures/cha
pter 2/Example-of-track.png>] [18

]
Chapter 3.

Underfull \vbox (badness 6461) has occurred while \output is active []

 [19]
Overfull \hbox (10.29247pt too wide) has occurred while \output is active
\TU/lmr/m/n/10.95 20 \TU/lmr/m/sl/10.95 CHAP-TER 3.  HY-PER-FINE SPIT-TING OF TH
E AN-TI-HY-DRO-GEN GROUND STATE
 []

[20] [21]
Overfull \hbox (10.29247pt too wide) has occurred while \output is active
\TU/lmr/m/n/10.95 22 \TU/lmr/m/sl/10.95 CHAP-TER 3.  HY-PER-FINE SPIT-TING OF TH
E AN-TI-HY-DRO-GEN GROUND STATE
 []

[22]
Overfull \hbox (22.90474pt too wide) in paragraph at lines 107--108
[]\TU/lmr/m/n/10.95 The ap-pli-ca-tion of $\OML/cmm/m/it/10.95 S[]$ \TU/lmr/m/n
/10.95 acts to ”mix” the sub-space spanned by the two vec-tors $[]$
 []


Overfull \hbox (34.30396pt too wide) in paragraph at lines 118--119
[]\TU/lmr/m/n/10.95 In this no-ta-tion, it’s im-me-di-ate to no-tice that the states $[]$ and $[]$
 []

<figures/chapter 3/HyperfineLevels.pdf, id=472, 626.47488pt x 454.66939pt>
File: figures/chapter 3/HyperfineLevels.pdf Graphic file (type pdf)
<use figures/chapter 3/HyperfineLevels.pdf>
Package luatex.def Info: figures/chapter 3/HyperfineLevels.pdf  used on input l
ine 140.
(luatex.def)             Requested size: 426.79135pt x 309.7469pt.
[23]
Overfull \hbox (10.29247pt too wide) has occurred while \output is active
\TU/lmr/m/n/10.95 24 \TU/lmr/m/sl/10.95 CHAP-TER 3.  HY-PER-FINE SPIT-TING OF TH
E AN-TI-HY-DRO-GEN GROUND STATE
 []

[24<./figures/chapter 3/HyperfineLevels.pdf>]
<figures/chapter 3/ECR_dual_axis_overlap.pdf, id=548, 787.4745pt x 398.61359pt>

File: figures/chapter 3/ECR_dual_axis_overlap.pdf Graphic file (type pdf)
<use figures/chapter 3/ECR_dual_axis_overlap.pdf>
Package luatex.def Info: figures/chapter 3/ECR_dual_axis_overlap.pdf  used on i
nput line 154.
(luatex.def)             Requested size: 426.79135pt x 216.03883pt.
 [25<./figures/chapter 3/ECR_dual_axis_overlap.pdf>]
Overfull \hbox (10.29247pt too wide) has occurred while \output is active
\TU/lmr/m/n/10.95 26 \TU/lmr/m/sl/10.95 CHAP-TER 3.  HY-PER-FINE SPIT-TING OF TH
E AN-TI-HY-DRO-GEN GROUND STATE
 []

[26]
<figures/chapter 3/SchemeBdrift.pdf, id=622, 469.98096pt x 483.84685pt>
File: figures/chapter 3/SchemeBdrift.pdf Graphic file (type pdf)
<use figures/chapter 3/SchemeBdrift.pdf>
Package luatex.def Info: figures/chapter 3/SchemeBdrift.pdf  used on input line
 200.
(luatex.def)             Requested size: 341.43437pt x 351.51457pt.
 [27]
Overfull \hbox (10.29247pt too wide) has occurred while \output is active
\TU/lmr/m/n/10.95 28 \TU/lmr/m/sl/10.95 CHAP-TER 3.  HY-PER-FINE SPIT-TING OF TH
E AN-TI-HY-DRO-GEN GROUND STATE
 []

[28<./figures/chapter 3/SchemeBdrift.pdf>]
<figures/chapter 3/2024_MFF_DriftCorrected.png, id=633, 498.663pt x 354.123pt>
File: figures/chapter 3/2024_MFF_DriftCorrected.png Graphic file (type png)
<use figures/chapter 3/2024_MFF_DriftCorrected.png>
Package luatex.def Info: figures/chapter 3/2024_MFF_DriftCorrected.png  used on
 input line 214.
(luatex.def)             Requested size: 213.39568pt x 151.54044pt.
 [29<./figures/chapter 3/2024_MFF_DriftCorrected.png>]
<figures/chapter 3/Power_studies.pdf, id=642, 817.95587pt x 603.5737pt>
File: figures/chapter 3/Power_studies.pdf Graphic file (type pdf)
<use figures/chapter 3/Power_studies.pdf>
Package luatex.def Info: figures/chapter 3/Power_studies.pdf  used on input lin
e 230.
(luatex.def)             Requested size: 426.79135pt x 314.93767pt.
<figures/chapter 3/Pulse_Length_studies.pdf, id=643, 822.97462pt x 589.3173pt>
File: figures/chapter 3/Pulse_Length_studies.pdf Graphic file (type pdf)
<use figures/chapter 3/Pulse_Length_studies.pdf>
Package luatex.def Info: figures/chapter 3/Pulse_Length_studies.pdf  used on in
put line 238.
(luatex.def)             Requested size: 426.79135pt x 305.61049pt.

Underfull \vbox (badness 3803) has occurred while \output is active []


Overfull \hbox (10.29247pt too wide) has occurred while \output is active
\TU/lmr/m/n/10.95 30 \TU/lmr/m/sl/10.95 CHAP-TER 3.  HY-PER-FINE SPIT-TING OF TH
E AN-TI-HY-DRO-GEN GROUND STATE
 []

[30<./figures/chapter 3/Power_Studies.pdf>] [31<./figures/chapter 3/Pulse_Length
_studies.pdf>]) (./chapter4.tex
Overfull \hbox (10.29247pt too wide) has occurred while \output is active
\TU/lmr/m/n/10.95 32 \TU/lmr/m/sl/10.95 CHAP-TER 3.  HY-PER-FINE SPIT-TING OF TH
E AN-TI-HY-DRO-GEN GROUND STATE
 []

[32]
Chapter 4.
<figures/chapter 4/MVA-punzi.png, id=780, 1927.2pt x 1007.765pt>
File: figures/chapter 4/MVA-punzi.png Graphic file (type png)
<use figures/chapter 4/MVA-punzi.png>
Package luatex.def Info: figures/chapter 4/MVA-punzi.png  used on input line 16
.
(luatex.def)             Requested size: 426.79135pt x 223.16982pt.
[33

] [34<./figures/chapter 4/MVA-punzi.png>] [35] [36]
<figures/chapter 4/Model_vs_data_s8.png, id=809, 899.36pt x 875.27pt>
File: figures/chapter 4/Model_vs_data_s8.png Graphic file (type png)
<use figures/chapter 4/Model_vs_data_s8.png>
Package luatex.def Info: figures/chapter 4/Model_vs_data_s8.png  used on input 
line 126.
(luatex.def)             Requested size: 426.79135pt x 415.3569pt.
<figures/chapter 4/FrancisSimulation_2024.png, id=811, 889.6437pt x 591.1686pt>

File: figures/chapter 4/FrancisSimulation_2024.png Graphic file (type png)
<use figures/chapter 4/FrancisSimulation_2024.png>
Package luatex.def Info: figures/chapter 4/FrancisSimulation_2024.png  used on 
input line 139.
(luatex.def)             Requested size: 426.79135pt x 283.60435pt.
 [37] [38<./figures/chapter 4/Model_vs_data_s8.png>] [39<./figures/chapter 4/Fra
ncisSimulation_2024.png>]
<figures/chapter 4/Example-of-spectra.png, id=833, 2003.485pt x 855.195pt>
File: figures/chapter 4/Example-of-spectra.png Graphic file (type png)
<use figures/chapter 4/Example-of-spectra.png>
Package luatex.def Info: figures/chapter 4/Example-of-spectra.png  used on inpu
t line 208.
(luatex.def)             Requested size: 426.79135pt x 182.16695pt.
 [40]
<figures/chapter 4/correlation_matrix_2026-05-28 102938_s8.png, id=840, 1
357.2306pt x 1151.2611pt>
File: figures/chapter 4/correlation_matrix_2026-05-28 102938_s8.png Graph
ic file (type png)
<use figures/chapter 4/correlation_matrix_2026-05-28 102938_s8.png>
Package luatex.def Info: figures/chapter 4/correlation_matrix_2026-05-28 102
938_s8.png  used on input line 222.
(luatex.def)             Requested size: 426.79135pt x 362.01677pt.


LaTeX Warning: `h' float specifier changed to `ht'.

[41<./figures/chapter 4/Example-of-spectra.png>] [42<./figures/chapter 4/correla
tion_matrix_2026-05-28 102938_s8.png>] [43] [44]
<figures/chapter 4/cb_da_time_s7.png, id=876, 815.29594pt x 578.16pt>
File: figures/chapter 4/cb_da_time_s7.png Graphic file (type png)
<use figures/chapter 4/cb_da_time_s7.png>
Package luatex.def Info: figures/chapter 4/cb_da_time_s7.png  used on input lin
e 390.
(luatex.def)             Requested size: 426.79135pt x 302.65634pt.
<figures/chapter 4/cb_da_time_s8.png, id=877, 815.29594pt x 578.16pt>
File: figures/chapter 4/cb_da_time_s8.png Graphic file (type png)
<use figures/chapter 4/cb_da_time_s8.png>
Package luatex.def Info: figures/chapter 4/cb_da_time_s8.png  used on input lin
e 391.
(luatex.def)             Requested size: 426.79135pt x 302.65634pt.
 [45] [46<./figures/chapter 4/cb_da_time_s7.png><./figures/chapter 4/cb_da_time_
s8.png>]
Overfull \hbox (19.13745pt too wide) in paragraph at lines 418--445
 [][] 
 []

<figures/chapter 4/highstat_kfloat.png, id=899, 900.36375pt x 656.4525pt>
File: figures/chapter 4/highstat_kfloat.png Graphic file (type png)
<use figures/chapter 4/highstat_kfloat.png>
Package luatex.def Info: figures/chapter 4/highstat_kfloat.png  used on input l
ine 451.
(luatex.def)             Requested size: 426.79135pt x 311.17711pt.
[47] [48<./figures/chapter 4/highstat_kfloat.png>]
<figures/chapter 4/2023_CB_gaus.png, id=917, 2007.5pt x 1003.75pt>
File: figures/chapter 4/2023_CB_gaus.png Graphic file (type png)
<use figures/chapter 4/2023_CB_gaus.png>
Package luatex.def Info: figures/chapter 4/2023_CB_gaus.png  used on input line
 465.
(luatex.def)             Requested size: 388.37646pt x 194.17589pt.
<figures/chapter 4/2023_CB_cusp.png, id=918, 2007.5pt x 1003.75pt>
File: figures/chapter 4/2023_CB_cusp.png Graphic file (type png)
<use figures/chapter 4/2023_CB_cusp.png>
Package luatex.def Info: figures/chapter 4/2023_CB_cusp.png  used on input line
 466.
(luatex.def)             Requested size: 388.37646pt x 194.17589pt.
<figures/chapter 4/2024_CB_gaus.png, id=919, 2007.5pt x 1003.75pt>
File: figures/chapter 4/2024_CB_gaus.png Graphic file (type png)
<use figures/chapter 4/2024_CB_gaus.png>
Package luatex.def Info: figures/chapter 4/2024_CB_gaus.png  used on input line
 472.
(luatex.def)             Requested size: 388.37646pt x 194.17589pt.
<figures/chapter 4/2024_CB_cusp.png, id=920, 2007.5pt x 1003.75pt>
File: figures/chapter 4/2024_CB_cusp.png Graphic file (type png)
<use figures/chapter 4/2024_CB_cusp.png>
Package luatex.def Info: figures/chapter 4/2024_CB_cusp.png  used on input line
 473.
(luatex.def)             Requested size: 388.37646pt x 194.17589pt.


LaTeX Warning: `!h' float specifier changed to `!ht'.

[49] [50<./figures/chapter 4/2023_CB_gaus.png><./figures/chapter 4/2023_CB_cusp.
png>] [51<./figures/chapter 4/2024_CB_gaus.png><./figures/chapter 4/2024_CB_cusp
.png>]
Overfull \hbox (19.13745pt too wide) in paragraph at lines 518--543
 [][] 
 []


LaTeX Warning: `!h' float specifier changed to `!ht'.


LaTeX Warning: Reference `fig:ListOfRuns' on page 52 undefined on input line 54
7.

[52]
<figures/chapter 4/s8_pre_v.png, id=964, 748.7975pt x 1979.395pt>
File: figures/chapter 4/s8_pre_v.png Graphic file (type png)
<use figures/chapter 4/s8_pre_v.png>
Package luatex.def Info: figures/chapter 4/s8_pre_v.png  used on input line 554
.
(luatex.def)             Requested size: 197.17955pt x 521.21484pt.
<figures/chapter 4/s8_post_v.png, id=965, 748.7975pt x 1979.395pt>
File: figures/chapter 4/s8_post_v.png Graphic file (type png)
<use figures/chapter 4/s8_post_v.png>
Package luatex.def Info: figures/chapter 4/s8_post_v.png  used on input line 55
5.
(luatex.def)             Requested size: 197.17955pt x 521.21484pt.
<figures/chapter 4/s7_post_v.png, id=966, 748.7975pt x 1979.395pt>
File: figures/chapter 4/s7_post_v.png Graphic file (type png)
<use figures/chapter 4/s7_post_v.png>
Package luatex.def Info: figures/chapter 4/s7_post_v.png  used on input line 55
6.
(luatex.def)             Requested size: 197.17955pt x 521.21484pt.
 [53] [54<./figures/chapter 4/s8_pre_v.png><./figures/chapter 4/s8_post_v.png><.
/figures/chapter 4/s7_post_v.png>] [55]
<figures/chapter 4/upwardshort.pdf, id=985, 1084.05pt x 1084.05pt>
File: figures/chapter 4/upwardshort.pdf Graphic file (type pdf)
<use figures/chapter 4/upwardshort.pdf>
Package luatex.def Info: figures/chapter 4/upwardshort.pdf  used on input line 
604.
(luatex.def)             Requested size: 426.79135pt x 426.79733pt.
<Figures/chapter 4/s7_residual_gpr0.2.png, id=987, 397.485pt x 262.9825pt>
File: Figures/chapter 4/s7_residual_gpr0.2.png Graphic file (type png)
<use Figures/chapter 4/s7_residual_gpr0.2.png>
Package luatex.def Info: Figures/chapter 4/s7_residual_gpr0.2.png  used on inpu
t line 623.
(luatex.def)             Requested size: 209.1301pt x 138.36882pt.
<Figures/chapter 4/s8_residual_gpr0.2.png, id=988, 397.485pt x 262.9825pt>
File: Figures/chapter 4/s8_residual_gpr0.2.png Graphic file (type png)
<use Figures/chapter 4/s8_residual_gpr0.2.png>
Package luatex.def Info: Figures/chapter 4/s8_residual_gpr0.2.png  used on inpu
t line 624.
(luatex.def)             Requested size: 209.1301pt x 138.36882pt.
<Figures/chapter 4/s7_residual_gpr2.0.png, id=989, 397.485pt x 262.9825pt>
File: Figures/chapter 4/s7_residual_gpr2.0.png Graphic file (type png)
<use Figures/chapter 4/s7_residual_gpr2.0.png>
Package luatex.def Info: Figures/chapter 4/s7_residual_gpr2.0.png  used on inpu
t line 625.
(luatex.def)             Requested size: 209.1301pt x 138.36882pt.
<Figures/chapter 4/s8_residual_gpr2.0.png, id=990, 397.485pt x 262.9825pt>
File: Figures/chapter 4/s8_residual_gpr2.0.png Graphic file (type png)
<use Figures/chapter 4/s8_residual_gpr2.0.png>
Package luatex.def Info: Figures/chapter 4/s8_residual_gpr2.0.png  used on inpu
t line 626.
(luatex.def)             Requested size: 209.1301pt x 138.36882pt.
<figures/chapter 4/Example_of_DCCTs_traces.png, id=993, 1084.05pt x 722.7pt>
File: figures/chapter 4/Example_of_DCCTs_traces.png Graphic file (type png)
<use figures/chapter 4/Example_of_DCCTs_traces.png>
Package luatex.def Info: figures/chapter 4/Example_of_DCCTs_traces.png  used on
 input line 639.
(luatex.def)             Requested size: 426.79135pt x 284.53154pt.
 [56] [57<./figures/chapter 4/upwardshort.pdf>] [58<./figures/chapter 4/s7_resid
ual_gpr0.2.png><./figures/chapter 4/s8_residual_gpr0.2.png><./figures/chapter 4/
s7_residual_gpr2.0.png><./figures/chapter 4/s8_residual_gpr2.0.png>] [59<./figur
es/chapter 4/Example_of_DCCTs_traces.png>]
Overfull \hbox (2.97246pt too wide) in paragraph at lines 722--724
 [][] 
 []


LaTeX Warning: Reference `eq:BlindtoUnblind' on page 60 undefined on input line
 724.


LaTeX Warning: Reference `eq:BlindtoUnblind' on page 60 undefined on input line
 724.


LaTeX Warning: `!h' float specifier changed to `!ht'.

[60]
<Figures/chapter 4/rise_s7.png, id=1040, 516.7305pt x 384.4764pt>
File: Figures/chapter 4/rise_s7.png Graphic file (type png)
<use Figures/chapter 4/rise_s7.png>
Package luatex.def Info: Figures/chapter 4/rise_s7.png  used on input line 744.

(luatex.def)             Requested size: 320.0935pt x 238.16756pt.
<Figures/chapter 4/rise_s8.png, id=1041, 516.7305pt x 384.4764pt>
File: Figures/chapter 4/rise_s8.png Graphic file (type png)
<use Figures/chapter 4/rise_s8.png>
Package luatex.def Info: Figures/chapter 4/rise_s8.png  used on input line 745.

(luatex.def)             Requested size: 320.0935pt x 238.16756pt.
 [61] [62<./figures/chapter 4/rise_s7.png><./figures/chapter 4/rise_s8.png>]
<figures/chapter 4/hfspairs.png, id=1057, 1011.78pt x 469.755pt>
File: figures/chapter 4/hfspairs.png Graphic file (type png)
<use figures/chapter 4/hfspairs.png>
Package luatex.def Info: figures/chapter 4/hfspairs.png  used on input line 785
.
(luatex.def)             Requested size: 426.79135pt x 198.1559pt.
) (./chapter5.tex [63] [64<./figures/chapter 4/hfspairs.png>]
Chapter 5.

Overfull \hbox (7.75398pt too wide) in paragraph at lines 7--32
 [][] 
 []


Overfull \hbox (28.57693pt too wide) in paragraph at lines 40--66
 [][] 
 []


LaTeX Warning: `!h' float specifier changed to `!ht'.

) (./appendix.tex [65

] [66] [67


] [68]) [69] [70

] [71] [72] (./Thesis.aux)
 ***********
LaTeX2e <2023-11-01> patch level 1
L3 programming layer <2024-01-22>
 ***********


LaTeX Warning: There were undefined references.


LaTeX Warning: Label(s) may have changed. Rerun to get cross-references right.

Package rerunfilecheck Info: File `Thesis.out' has not changed.
(rerunfilecheck)             Checksum: 4D04BA561BBA8675C2C332248F0B674E;10835.

Package biblatex Warning: Please (re)run Biber on the file:
(biblatex)                Thesis
(biblatex)                and rerun LaTeX afterwards.

Package logreq Info: Writing requests to 'Thesis.run.xml'.

\openout1 = Thesis.run.xml
)

Here is how much of LuaTeX's memory you used:
 24075 strings out of 476553
 125161,1977958 words of node,token memory allocated
 912 words of node memory still in use:
   7 hlist, 2 vlist, 2 rule, 5 glue, 4 kern, 2 sub_mlist, 1 glyph, 70 attribute,
 72 glue_spec, 70 attribute_list, 1 write, 6 pdf_action nodes
   avail lists: 1:2,2:2233,3:435,4:274,5:638,6:117,7:12006,8:76,9:1753,10:27,11:
773
 45329 multiletter control sequences out of 65536+600000
 86 fonts using 6653759 bytes
 73i,15n,78p,2319b,1633s stack positions out of 10000i,1000n,20000p,200000b,200000s
<c:/texlive/2023/texmf-dist/fonts/opentype/public/lm/lmmono10-regular.otf><c:/te
xlive/2023/texmf-dist/fonts/opentype/public/lm/lmromancaps10-regular.otf><c:/tex
live/2023/texmf-dist/fonts/opentype/public/lm/lmroman8-bold.otf><c:/texlive/2023
/texmf-dist/fonts/opentype/public/lm/lmroman9-regular.otf><c:/texlive/2023/texmf
-dist/fonts/opentype/public/lm/lmroman6-regular.otf><c:/texlive/2023/texmf-dist/
fonts/opentype/public/lm/lmroman8-regular.otf><c:/texlive/2023/texmf-dist/fonts/
opentype/public/lm/lmroman10-italic.otf><c:/texlive/2023/texmf-dist/fonts/openty
pe/public/lm/lmromanslant10-regular.otf><c:/texlive/2023/texmf-dist/fonts/openty
pe/public/lm/lmroman10-bolditalic.otf><c:/texlive/2023/texmf-dist/fonts/opentype
/public/lm/lmroman10-bold.otf><c:/texlive/2023/texmf-dist/fonts/opentype/public/
lm/lmroman10-regular.otf><c:/texlive/2023/texmf-dist/fonts/opentype/public/lm/lm
roman17-regular.otf><c:/texlive/2023/texmf-dist/fonts/opentype/public/lm/lmroman
12-bold.otf><c:/texlive/2023/texmf-dist/fonts/opentype/public/lm/lmroman12-regul
ar.otf><c:/texlive/2023/texmf-dist/fonts/type1/public/amsfonts/cm/cmbx10.pfb><c:
/texlive/2023/texmf-dist/fonts/type1/public/amsfonts/cm/cmbx8.pfb><c:/texlive/20
23/texmf-dist/fonts/type1/public/amsfonts/cm/cmex10.pfb><c:/texlive/2023/texmf-d
ist/fonts/type1/public/amsfonts/cm/cmmi10.pfb><c:/texlive/2023/texmf-dist/fonts/
type1/public/amsfonts/cm/cmmi6.pfb><c:/texlive/2023/texmf-dist/fonts/type1/publi
c/amsfonts/cm/cmmi7.pfb><c:/texlive/2023/texmf-dist/fonts/type1/public/amsfonts/
cm/cmmi8.pfb><c:/texlive/2023/texmf-dist/fonts/type1/public/amsfonts/cm/cmmi9.pf
b><c:/texlive/2023/texmf-dist/fonts/type1/public/amsfonts/cm/cmr10.pfb><c:/texli
ve/2023/texmf-dist/fonts/type1/public/amsfonts/cm/cmr6.pfb><c:/texlive/2023/texm
f-dist/fonts/type1/public/amsfonts/cm/cmr7.pfb><c:/texlive/2023/texmf-dist/fonts
/type1/public/amsfonts/cm/cmr8.pfb><c:/texlive/2023/texmf-dist/fonts/type1/publi
c/amsfonts/cm/cmr9.pfb><c:/texlive/2023/texmf-dist/fonts/type1/public/amsfonts/c
m/cmsy10.pfb><c:/texlive/2023/texmf-dist/fonts/type1/public/amsfonts/cm/cmsy8.pf
b><c:/texlive/2023/texmf-dist/fonts/type1/public/amsfonts/symbols/msbm10.pfb>
Output written on Thesis.pdf (72 pages, 5391329 bytes).

PDF statistics: 1281 PDF objects out of 1440 (max. 8388607)
 890 compressed objects within 9 object streams
 224 named destinations out of 1000 (max. 131072)
 425 words of extra memory for PDF output out of 10000 (max. 100000000)

